------------------------------------------------------------
Timing Analyzer Summary
------------------------------------------------------------

Type  : Slow 1200mV 100C Model Setup 'clk'
Slack : -3.323
TNS   : -64.379

Type  : Slow 1200mV 100C Model Setup 'debouncer:k1|keyNow[2]'
Slack : -1.594
TNS   : -9.327

Type  : Slow 1200mV 100C Model Setup 'debouncer:k1|keyNow[0]'
Slack : -1.132
TNS   : -5.067

Type  : Slow 1200mV 100C Model Hold 'debouncer:k1|keyNow[0]'
Slack : 0.352
TNS   : 0.000

Type  : Slow 1200mV 100C Model Hold 'debouncer:k1|keyNow[2]'
Slack : 0.352
TNS   : 0.000

Type  : Slow 1200mV 100C Model Hold 'clk'
Slack : 0.422
TNS   : 0.000

Type  : Slow 1200mV 100C Model Recovery 'debouncer:k1|keyNow[2]'
Slack : -1.055
TNS   : -6.330

Type  : Slow 1200mV 100C Model Removal 'debouncer:k1|keyNow[2]'
Slack : 1.399
TNS   : 0.000

Type  : Slow 1200mV 100C Model Minimum Pulse Width 'clk'
Slack : -3.000
TNS   : -36.672

Type  : Slow 1200mV 100C Model Minimum Pulse Width 'debouncer:k1|keyNow[2]'
Slack : -1.403
TNS   : -8.418

Type  : Slow 1200mV 100C Model Minimum Pulse Width 'debouncer:k1|keyNow[0]'
Slack : -1.403
TNS   : -7.015

Type  : Slow 1200mV 100C Model Minimum Pulse Width 'debouncer:k1|cntFlag'
Slack : -1.403
TNS   : -4.209

Type  : Slow 1200mV -40C Model Setup 'clk'
Slack : -2.837
TNS   : -54.642

Type  : Slow 1200mV -40C Model Setup 'debouncer:k1|keyNow[2]'
Slack : -1.311
TNS   : -7.638

Type  : Slow 1200mV -40C Model Setup 'debouncer:k1|keyNow[0]'
Slack : -0.879
TNS   : -3.856

Type  : Slow 1200mV -40C Model Hold 'debouncer:k1|keyNow[0]'
Slack : 0.302
TNS   : 0.000

Type  : Slow 1200mV -40C Model Hold 'debouncer:k1|keyNow[2]'
Slack : 0.302
TNS   : 0.000

Type  : Slow 1200mV -40C Model Hold 'clk'
Slack : 0.380
TNS   : 0.000

Type  : Slow 1200mV -40C Model Recovery 'debouncer:k1|keyNow[2]'
Slack : -0.898
TNS   : -5.388

Type  : Slow 1200mV -40C Model Removal 'debouncer:k1|keyNow[2]'
Slack : 1.274
TNS   : 0.000

Type  : Slow 1200mV -40C Model Minimum Pulse Width 'clk'
Slack : -3.000
TNS   : -36.672

Type  : Slow 1200mV -40C Model Minimum Pulse Width 'debouncer:k1|keyNow[2]'
Slack : -1.403
TNS   : -8.418

Type  : Slow 1200mV -40C Model Minimum Pulse Width 'debouncer:k1|keyNow[0]'
Slack : -1.403
TNS   : -7.015

Type  : Slow 1200mV -40C Model Minimum Pulse Width 'debouncer:k1|cntFlag'
Slack : -1.403
TNS   : -4.209

Type  : Fast 1200mV -40C Model Setup 'clk'
Slack : -0.717
TNS   : -12.684

Type  : Fast 1200mV -40C Model Setup 'debouncer:k1|keyNow[2]'
Slack : -0.056
TNS   : -0.280

Type  : Fast 1200mV -40C Model Setup 'debouncer:k1|keyNow[0]'
Slack : 0.076
TNS   : 0.000

Type  : Fast 1200mV -40C Model Hold 'debouncer:k1|keyNow[0]'
Slack : 0.147
TNS   : 0.000

Type  : Fast 1200mV -40C Model Hold 'debouncer:k1|keyNow[2]'
Slack : 0.147
TNS   : 0.000

Type  : Fast 1200mV -40C Model Hold 'clk'
Slack : 0.161
TNS   : 0.000

Type  : Fast 1200mV -40C Model Recovery 'debouncer:k1|keyNow[2]'
Slack : -0.199
TNS   : -1.194

Type  : Fast 1200mV -40C Model Removal 'debouncer:k1|keyNow[2]'
Slack : 0.775
TNS   : 0.000

Type  : Fast 1200mV -40C Model Minimum Pulse Width 'clk'
Slack : -3.000
TNS   : -31.165

Type  : Fast 1200mV -40C Model Minimum Pulse Width 'debouncer:k1|keyNow[2]'
Slack : -1.000
TNS   : -6.000

Type  : Fast 1200mV -40C Model Minimum Pulse Width 'debouncer:k1|keyNow[0]'
Slack : -1.000
TNS   : -5.000

Type  : Fast 1200mV -40C Model Minimum Pulse Width 'debouncer:k1|cntFlag'
Slack : -1.000
TNS   : -3.000

------------------------------------------------------------
